This is pdfTeX, Version 3.141592653-2.6-1.40.29 (TeX Live 2026) (preloaded format=pdflatex 2026.8.16)  6 OCT 2026 00:30
entering extended mode
 restricted \write18 enabled.
 %&-line parsing enabled.
**oct_7_third_meeting_article_updates_and_design_requirements.tex
(./oct_7_third_meeting_article_updates_and_design_requirements.tex
LaTeX2e <2026-06-01>
L3 programming layer <2026-07-20>
(/usr/local/texlive/2025basic/texmf-dist/tex/latex/beamer/beamer.cls
Document Class: beamer 2026/01/22 v3.77 A class for typesetting presentations
(/usr/local/texlive/2025basic/texmf-dist/tex/latex/beamer/beamerbasemodes.sty
(/usr/local/texlive/2025basic/texmf-dist/tex/latex/etoolbox/etoolbox.sty
Package: etoolbox 2025/10/02 v2.5m e-TeX tools for LaTeX (JAW)
\etb@tempcnta=\count276
)
\beamer@tempbox=\box53
\beamer@tempcount=\count277
\c@beamerpauses=\count278

(/usr/local/texlive/2025basic/texmf-dist/tex/latex/beamer/beamerbasedecode.sty
\beamer@slideinframe=\count279
\beamer@minimum=\count280
\beamer@decode@box=\box54
)
\beamer@commentbox=\box55
\beamer@modecount=\count281
) (/usr/local/texlive/2025basic/texmf-dist/tex/generic/iftex/iftex.sty
Package: iftex 2024/12/12 v1.0g TeX engine tests
)
\headdp=\dimen150
\footheight=\dimen151
\sidebarheight=\dimen152
\beamer@tempdim=\dimen153
\beamer@finalheight=\dimen154
\beamer@animht=\dimen155
\beamer@animdp=\dimen156
\beamer@animwd=\dimen157
\beamer@leftmargin=\dimen158
\beamer@rightmargin=\dimen159
\beamer@leftsidebar=\dimen160
\beamer@rightsidebar=\dimen161
\beamer@boxsize=\dimen162
\beamer@vboxoffset=\dimen163
\beamer@descdefault=\dimen164
\beamer@descriptionwidth=\dimen165
\beamer@lastskip=\skip49
\beamer@areabox=\box56
\beamer@animcurrent=\box57
\beamer@animshowbox=\box58
\beamer@sectionbox=\box59
\beamer@logobox=\box60
\beamer@linebox=\box61
\beamer@sectioncount=\count282
\beamer@subsubsectionmax=\count283
\beamer@subsectionmax=\count284
\beamer@sectionmax=\count285
\beamer@totalheads=\count286
\beamer@headcounter=\count287
\beamer@partstartpage=\count288
\beamer@sectionstartpage=\count289
\beamer@subsectionstartpage=\count290
\beamer@animationtempa=\count291
\beamer@animationtempb=\count292
\beamer@xpos=\count293
\beamer@ypos=\count294
\beamer@ypos@offset=\count295
\beamer@showpartnumber=\count296
\beamer@currentsubsection=\count297
\beamer@coveringdepth=\count298
\beamer@sectionadjust=\count299
\beamer@toclastsection=\count300
\beamer@tocsectionnumber=\count301

(/usr/local/texlive/2025basic/texmf-dist/tex/latex/beamer/beamerbaseoptions.sty
(/usr/local/texlive/2025basic/texmf-dist/tex/latex/graphics/keyval.sty
Package: keyval 2026-05-17 v1.15 key=value parser (DPC)
\KV@toks@=\toks17
))
\beamer@paperwidth=\skip50
\beamer@paperheight=\skip51

(/usr/local/texlive/2025basic/texmf-dist/tex/latex/geometry/geometry.sty
Package: geometry 2026/03/07 v6.0 Page Geometry

(/usr/local/texlive/2025basic/texmf-dist/tex/generic/iftex/ifvtex.sty
Package: ifvtex 2019/10/25 v1.7 ifvtex legacy package. Use iftex instead.
)
\Gm@cnth=\count302
\Gm@cntv=\count303
\c@Gm@tempcnt=\count304
\Gm@bindingoffset=\dimen166
\Gm@wd@mp=\dimen167
\Gm@odd@mp=\dimen168
\Gm@even@mp=\dimen169
\Gm@layoutwidth=\dimen170
\Gm@layoutheight=\dimen171
\Gm@layouthoffset=\dimen172
\Gm@layoutvoffset=\dimen173
\Gm@dimlist=\toks18
)
(/usr/local/texlive/2025basic/texmf-dist/tex/latex/pgf/math/pgfmath.sty
(/usr/local/texlive/2025basic/texmf-dist/tex/latex/pgf/utilities/pgfrcs.sty
(/usr/local/texlive/2025basic/texmf-dist/tex/generic/pgf/utilities/pgfutil-comm
on.tex
\pgfutil@everybye=\toks19
\pgfutil@tempdima=\dimen174
\pgfutil@tempdimb=\dimen175
)
(/usr/local/texlive/2025basic/texmf-dist/tex/generic/pgf/utilities/pgfutil-late
x.def
\pgfutil@abb=\box62
)
(/usr/local/texlive/2025basic/texmf-dist/tex/generic/pgf/utilities/pgfrcs.code.
tex (/usr/local/texlive/2025basic/texmf-dist/tex/generic/pgf/pgf.revision.tex)
Package: pgfrcs 2026-08-01 v3.1.12 (3.1.12)
)) (/usr/local/texlive/2025basic/texmf-dist/tex/latex/pgf/utilities/pgfkeys.sty

(/usr/local/texlive/2025basic/texmf-dist/tex/generic/pgf/utilities/pgfkeys.code
.tex
\pgfkeys@pathtoks=\toks20
\pgfkeys@temptoks=\toks21

(/usr/local/texlive/2025basic/texmf-dist/tex/generic/pgf/utilities/pgfkeyslibra
ryfiltered.code.tex
\pgfkeys@tmptoks=\toks22
)))
(/usr/local/texlive/2025basic/texmf-dist/tex/generic/pgf/math/pgfmath.code.tex
(/usr/local/texlive/2025basic/texmf-dist/tex/generic/pgf/math/pgfmathutil.code.
tex
\pgf@x=\dimen176
\pgf@xa=\dimen177
\pgf@xb=\dimen178
\pgf@xc=\dimen179
\pgf@y=\dimen180
\pgf@ya=\dimen181
\pgf@yb=\dimen182
\pgf@yc=\dimen183
\c@pgf@counta=\count305
\c@pgf@countb=\count306
\c@pgf@countc=\count307
\c@pgf@countd=\count308
)
(/usr/local/texlive/2025basic/texmf-dist/tex/generic/pgf/math/pgfmathparser.cod
e.tex
\pgfmath@dimen=\dimen184
\pgfmath@count=\count309
\pgfmath@box=\box63
\pgfmath@toks=\toks23
\pgfmath@stack@operand=\toks24
\pgfmath@stack@operation=\toks25
)
(/usr/local/texlive/2025basic/texmf-dist/tex/generic/pgf/math/pgfmathfunctions.
code.tex)
(/usr/local/texlive/2025basic/texmf-dist/tex/generic/pgf/math/pgfmathfunctions.
basic.code.tex)
(/usr/local/texlive/2025basic/texmf-dist/tex/generic/pgf/math/pgfmathfunctions.
trigonometric.code.tex)
(/usr/local/texlive/2025basic/texmf-dist/tex/generic/pgf/math/pgfmathfunctions.
random.code.tex)
(/usr/local/texlive/2025basic/texmf-dist/tex/generic/pgf/math/pgfmathfunctions.
comparison.code.tex)
(/usr/local/texlive/2025basic/texmf-dist/tex/generic/pgf/math/pgfmathfunctions.
base.code.tex)
(/usr/local/texlive/2025basic/texmf-dist/tex/generic/pgf/math/pgfmathfunctions.
round.code.tex)
(/usr/local/texlive/2025basic/texmf-dist/tex/generic/pgf/math/pgfmathfunctions.
misc.code.tex)
(/usr/local/texlive/2025basic/texmf-dist/tex/generic/pgf/math/pgfmathfunctions.
integerarithmetics.code.tex)
(/usr/local/texlive/2025basic/texmf-dist/tex/generic/pgf/math/pgfmathcalc.code.
tex)
(/usr/local/texlive/2025basic/texmf-dist/tex/generic/pgf/math/pgfmathfloat.code
.tex
\c@pgfmathroundto@lastzeros=\count310
))) (/usr/local/texlive/2025basic/texmf-dist/tex/latex/base/size11.clo
File: size11.clo 2025/01/22 v1.4n Standard LaTeX file (size option)
)
(/usr/local/texlive/2025basic/texmf-dist/tex/latex/pgf/basiclayer/pgfcore.sty
(/usr/local/texlive/2025basic/texmf-dist/tex/latex/graphics/graphicx.sty
Package: graphicx 2026-05-17 v1.2e Enhanced LaTeX Graphics (DPC,SPQR)

(/usr/local/texlive/2025basic/texmf-dist/tex/latex/graphics/graphics.sty
Package: graphics 2026-05-17 v1.4h Standard LaTeX Graphics (DPC,SPQR)

(/usr/local/texlive/2025basic/texmf-dist/tex/latex/graphics/trig.sty
Package: trig 2023/12/02 v1.11 sin cos tan (DPC)
)
(/usr/local/texlive/2025basic/texmf-dist/tex/latex/graphics-cfg/graphics.cfg
File: graphics.cfg 2016/06/04 v1.11 sample graphics configuration
)
Package graphics Info: Driver file: pdftex.def on input line 106.

(/usr/local/texlive/2025basic/texmf-dist/tex/latex/graphics-def/pdftex.def
File: pdftex.def 2025/09/29 v1.2d Graphics/color driver for pdftex
))
\Gin@req@height=\dimen185
\Gin@req@width=\dimen186
)
(/usr/local/texlive/2025basic/texmf-dist/tex/latex/pgf/systemlayer/pgfsys.sty
(/usr/local/texlive/2025basic/texmf-dist/tex/generic/pgf/systemlayer/pgfsys.cod
e.tex
Package: pgfsys 2026-08-01 v3.1.12 (3.1.12)
\pgf@x=\dimen187
\pgf@y=\dimen188
\pgf@xa=\dimen189
\pgf@ya=\dimen190
\pgf@xb=\dimen191
\pgf@yb=\dimen192
\pgf@xc=\dimen193
\pgf@yc=\dimen194
\pgf@xd=\dimen195
\pgf@yd=\dimen196
\w@pgf@writea=\write3
\r@pgf@reada=\read2
\c@pgf@counta=\count311
\c@pgf@countb=\count312
\c@pgf@countc=\count313
\c@pgf@countd=\count314
\t@pgf@toka=\toks26
\t@pgf@tokb=\toks27
\t@pgf@tokc=\toks28
\pgf@sys@id@count=\count315

(/usr/local/texlive/2025basic/texmf-dist/tex/generic/pgf/systemlayer/pgf.cfg
File: pgf.cfg 2026-08-01 v3.1.12 (3.1.12)
)
Driver file for pgf: pgfsys-pdftex.def

(/usr/local/texlive/2025basic/texmf-dist/tex/generic/pgf/systemlayer/pgfsys-pdf
tex.def
File: pgfsys-pdftex.def 2026-08-01 v3.1.12 (3.1.12)

(/usr/local/texlive/2025basic/texmf-dist/tex/generic/pgf/systemlayer/pgfsys-com
mon-pdf.def
File: pgfsys-common-pdf.def 2026-08-01 v3.1.12 (3.1.12)
)))
(/usr/local/texlive/2025basic/texmf-dist/tex/generic/pgf/systemlayer/pgfsyssoft
path.code.tex
File: pgfsyssoftpath.code.tex 2026-08-01 v3.1.12 (3.1.12)
\pgfsyssoftpath@smallbuffer@items=\count316
\pgfsyssoftpath@bigbuffer@items=\count317
)
(/usr/local/texlive/2025basic/texmf-dist/tex/generic/pgf/systemlayer/pgfsysprot
ocol.code.tex
File: pgfsysprotocol.code.tex 2026-08-01 v3.1.12 (3.1.12)
))
(/usr/local/texlive/2025basic/texmf-dist/tex/latex/xcolor/xcolor.sty
Package: xcolor 2024/09/29 v3.02 LaTeX color extensions (UK)

(/usr/local/texlive/2025basic/texmf-dist/tex/latex/graphics-cfg/color.cfg
File: color.cfg 2016/01/02 v1.6 sample color configuration
)
Package xcolor Info: Driver file: pdftex.def on input line 274.

(/usr/local/texlive/2025basic/texmf-dist/tex/latex/graphics/mathcolor.ltx)
Package xcolor Info: Model `cmy' substituted by `cmy0' on input line 1349.
Package xcolor Info: Model `hsb' substituted by `rgb' on input line 1353.
Package xcolor Info: Model `RGB' extended on input line 1365.
Package xcolor Info: Model `HTML' substituted by `rgb' on input line 1367.
Package xcolor Info: Model `Hsb' substituted by `hsb' on input line 1368.
Package xcolor Info: Model `tHsb' substituted by `hsb' on input line 1369.
Package xcolor Info: Model `HSB' substituted by `hsb' on input line 1370.
Package xcolor Info: Model `Gray' substituted by `gray' on input line 1371.
Package xcolor Info: Model `wave' substituted by `hsb' on input line 1372.
)
(/usr/local/texlive/2025basic/texmf-dist/tex/generic/pgf/basiclayer/pgfcore.cod
e.tex
Package: pgfcore 2026-08-01 v3.1.12 (3.1.12)

(/usr/local/texlive/2025basic/texmf-dist/tex/generic/pgf/math/pgfint.code.tex)
(/usr/local/texlive/2025basic/texmf-dist/tex/generic/pgf/basiclayer/pgfcorepoin
ts.code.tex
File: pgfcorepoints.code.tex 2026-08-01 v3.1.12 (3.1.12)
\pgf@picminx=\dimen197
\pgf@picmaxx=\dimen198
\pgf@picminy=\dimen199
\pgf@picmaxy=\dimen256
\pgf@pathminx=\dimen257
\pgf@pathmaxx=\dimen258
\pgf@pathminy=\dimen259
\pgf@pathmaxy=\dimen260
\pgf@xx=\dimen261
\pgf@xy=\dimen262
\pgf@yx=\dimen263
\pgf@yy=\dimen264
\pgf@zx=\dimen265
\pgf@zy=\dimen266
)
(/usr/local/texlive/2025basic/texmf-dist/tex/generic/pgf/basiclayer/pgfcorepath
construct.code.tex
File: pgfcorepathconstruct.code.tex 2026-08-01 v3.1.12 (3.1.12)
\pgf@path@lastx=\dimen267
\pgf@path@lasty=\dimen268
)
(/usr/local/texlive/2025basic/texmf-dist/tex/generic/pgf/basiclayer/pgfcorepath
usage.code.tex
File: pgfcorepathusage.code.tex 2026-08-01 v3.1.12 (3.1.12)
\pgf@shorten@end@additional=\dimen269
\pgf@shorten@start@additional=\dimen270
)
(/usr/local/texlive/2025basic/texmf-dist/tex/generic/pgf/basiclayer/pgfcorescop
es.code.tex
File: pgfcorescopes.code.tex 2026-08-01 v3.1.12 (3.1.12)
\pgfpic=\box64
\pgf@hbox=\box65
\pgf@layerbox@main=\box66
\pgf@picture@serial@count=\count318
)
(/usr/local/texlive/2025basic/texmf-dist/tex/generic/pgf/basiclayer/pgfcoregrap
hicstate.code.tex
File: pgfcoregraphicstate.code.tex 2026-08-01 v3.1.12 (3.1.12)
\pgflinewidth=\dimen271
)
(/usr/local/texlive/2025basic/texmf-dist/tex/generic/pgf/basiclayer/pgfcoretran
sformations.code.tex
File: pgfcoretransformations.code.tex 2026-08-01 v3.1.12 (3.1.12)
\pgf@pt@x=\dimen272
\pgf@pt@y=\dimen273
\pgf@pt@temp=\dimen274
)
(/usr/local/texlive/2025basic/texmf-dist/tex/generic/pgf/basiclayer/pgfcorequic
k.code.tex
File: pgfcorequick.code.tex 2026-08-01 v3.1.12 (3.1.12)
)
(/usr/local/texlive/2025basic/texmf-dist/tex/generic/pgf/basiclayer/pgfcoreobje
cts.code.tex
File: pgfcoreobjects.code.tex 2026-08-01 v3.1.12 (3.1.12)
)
(/usr/local/texlive/2025basic/texmf-dist/tex/generic/pgf/basiclayer/pgfcorepath
processing.code.tex
File: pgfcorepathprocessing.code.tex 2026-08-01 v3.1.12 (3.1.12)
)
(/usr/local/texlive/2025basic/texmf-dist/tex/generic/pgf/basiclayer/pgfcorearro
ws.code.tex
File: pgfcorearrows.code.tex 2026-08-01 v3.1.12 (3.1.12)
\pgfarrowsep=\dimen275
)
(/usr/local/texlive/2025basic/texmf-dist/tex/generic/pgf/basiclayer/pgfcoreshad
e.code.tex
File: pgfcoreshade.code.tex 2026-08-01 v3.1.12 (3.1.12)
\pgf@max=\dimen276
\pgf@sys@shading@range@num=\count319
\pgf@shadingcount=\count320
)
(/usr/local/texlive/2025basic/texmf-dist/tex/generic/pgf/basiclayer/pgfcoreimag
e.code.tex
File: pgfcoreimage.code.tex 2026-08-01 v3.1.12 (3.1.12)
)
(/usr/local/texlive/2025basic/texmf-dist/tex/generic/pgf/basiclayer/pgfcoreexte
rnal.code.tex
File: pgfcoreexternal.code.tex 2026-08-01 v3.1.12 (3.1.12)
\pgfexternal@startupbox=\box67
)
(/usr/local/texlive/2025basic/texmf-dist/tex/generic/pgf/basiclayer/pgfcorelaye
rs.code.tex
File: pgfcorelayers.code.tex 2026-08-01 v3.1.12 (3.1.12)
)
(/usr/local/texlive/2025basic/texmf-dist/tex/generic/pgf/basiclayer/pgfcoretran
sparency.code.tex
File: pgfcoretransparency.code.tex 2026-08-01 v3.1.12 (3.1.12)
)
(/usr/local/texlive/2025basic/texmf-dist/tex/generic/pgf/basiclayer/pgfcorepatt
erns.code.tex
File: pgfcorepatterns.code.tex 2026-08-01 v3.1.12 (3.1.12)
)
(/usr/local/texlive/2025basic/texmf-dist/tex/generic/pgf/basiclayer/pgfcorerdf.
code.tex
File: pgfcorerdf.code.tex 2026-08-01 v3.1.12 (3.1.12)
)))
(/usr/local/texlive/2025basic/texmf-dist/tex/latex/pgf/utilities/xxcolor.sty
Package: xxcolor 2003/10/24 ver 0.1
\XC@nummixins=\count321
\XC@countmixins=\count322
)
(/usr/local/texlive/2025basic/texmf-dist/tex/latex/base/atbegshi-ltx.sty
Package: atbegshi-ltx 2021/01/10 v1.0c Emulation of the original atbegshi
package with kernel methods
)
(/usr/local/texlive/2025basic/texmf-dist/tex/latex/hyperref/hyperref.sty
Package: hyperref 2026-06-17 v7.01r Hypertext links for LaTeX

(/usr/local/texlive/2025basic/texmf-dist/tex/latex/kvsetkeys/kvsetkeys.sty
Package: kvsetkeys 2022-10-05 v1.19 Key value parser (HO)
)
(/usr/local/texlive/2025basic/texmf-dist/tex/generic/kvdefinekeys/kvdefinekeys.
sty
Package: kvdefinekeys 2019-12-19 v1.6 Define keys (HO)
)
(/usr/local/texlive/2025basic/texmf-dist/tex/generic/pdfescape/pdfescape.sty
Package: pdfescape 2019/12/09 v1.15 Implements pdfTeX's escape features (HO)

(/usr/local/texlive/2025basic/texmf-dist/tex/generic/ltxcmds/ltxcmds.sty
Package: ltxcmds 2023-12-04 v1.26 LaTeX kernel commands for general use (HO)
)
(/usr/local/texlive/2025basic/texmf-dist/tex/generic/pdftexcmds/pdftexcmds.sty
Package: pdftexcmds 2020-06-27 v0.33 Utility functions of pdfTeX for LuaTeX (HO
)

(/usr/local/texlive/2025basic/texmf-dist/tex/generic/infwarerr/infwarerr.sty
Package: infwarerr 2019/12/03 v1.5 Providing info/warning/error messages (HO)
)
Package pdftexcmds Info: \pdf@primitive is available.
Package pdftexcmds Info: \pdf@ifprimitive is available.
Package pdftexcmds Info: \pdfdraftmode found.
)) (/usr/local/texlive/2025basic/texmf-dist/tex/latex/hycolor/hycolor.sty
Package: hycolor 2020-01-27 v1.10 Color options for hyperref/bookmark (HO)
)
(/usr/local/texlive/2025basic/texmf-dist/tex/latex/hyperref/nameref.sty
Package: nameref 2026-01-29 v2.58 Cross-referencing by name of section

(/usr/local/texlive/2025basic/texmf-dist/tex/latex/refcount/refcount.sty
Package: refcount 2019/12/15 v3.6 Data extraction from label references (HO)
)
(/usr/local/texlive/2025basic/texmf-dist/tex/generic/gettitlestring/gettitlestr
ing.sty
Package: gettitlestring 2019/12/15 v1.6 Cleanup title references (HO)

(/usr/local/texlive/2025basic/texmf-dist/tex/latex/kvoptions/kvoptions.sty
Package: kvoptions 2022-06-15 v3.15 Key value format for package options (HO)
))
\c@section@level=\count323
)
(/usr/local/texlive/2025basic/texmf-dist/tex/generic/stringenc/stringenc.sty
Package: stringenc 2019/11/29 v1.12 Convert strings between diff. encodings (HO
)
)
\@linkdim=\dimen277
\Hy@linkcounter=\count324
\Hy@pagecounter=\count325

(/usr/local/texlive/2025basic/texmf-dist/tex/latex/hyperref/pd1enc.def
File: pd1enc.def 2026-06-17 v7.01r Hyperref: PDFDocEncoding definition (HO)
Now handling font encoding PD1 ...
... no UTF-8 mapping file for font encoding PD1
)
(/usr/local/texlive/2025basic/texmf-dist/tex/generic/intcalc/intcalc.sty
Package: intcalc 2019/12/15 v1.3 Expandable calculations with integers (HO)
)
\Hy@SavedSpaceFactor=\count326

(/usr/local/texlive/2025basic/texmf-dist/tex/latex/hyperref/puenc.def
File: puenc.def 2026-06-17 v7.01r Hyperref: PDF Unicode definition (HO)
Now handling font encoding PU ...
... no UTF-8 mapping file for font encoding PU
)
Package hyperref Info: Option `bookmarks' set `true' on input line 4070.
Package hyperref Info: Option `bookmarksopen' set `true' on input line 4070.
Package hyperref Info: Option `implicit' set `false' on input line 4070.
Package hyperref Info: Hyper figures OFF on input line 4199.
Package hyperref Info: Link nesting OFF on input line 4204.
Package hyperref Info: Hyper index ON on input line 4207.
Package hyperref Info: Plain pages OFF on input line 4214.
Package hyperref Info: Backreferencing OFF on input line 4219.
Package hyperref Info: Implicit mode OFF; no redefinition of LaTeX internals.
Package hyperref Info: Bookmarks ON on input line 4466.
\c@Hy@tempcnt=\count327

(/usr/local/texlive/2025basic/texmf-dist/tex/latex/url/url.sty
\Urlmuskip=\muskip17
Package: url 2013/09/16  ver 3.4  Verb mode for urls, etc.
)
LaTeX Info: Redefining \url on input line 4805.
\XeTeXLinkMargin=\dimen278

(/usr/local/texlive/2025basic/texmf-dist/tex/generic/bitset/bitset.sty
Package: bitset 2019/12/09 v1.3 Handle bit-vector datatype (HO)

(/usr/local/texlive/2025basic/texmf-dist/tex/generic/bigintcalc/bigintcalc.sty
Package: bigintcalc 2019/12/15 v1.5 Expandable calculations on big integers (HO
)
))
\Fld@menulength=\count328
\Field@Width=\dimen279
\Fld@charsize=\dimen280
Package hyperref Info: Hyper figures OFF on input line 6091.
Package hyperref Info: Link nesting OFF on input line 6096.
Package hyperref Info: Hyper index ON on input line 6099.
Package hyperref Info: backreferencing OFF on input line 6106.
Package hyperref Info: Link coloring OFF on input line 6111.
Package hyperref Info: Link coloring with OCG OFF on input line 6116.
Package hyperref Info: PDF/A mode OFF on input line 6121.
\Hy@abspage=\count329


Package hyperref Message: Stopped early.

)
Package hyperref Info: Driver (autodetected): hpdftex.
 (/usr/local/texlive/2025basic/texmf-dist/tex/latex/hyperref/hpdftex.def
File: hpdftex.def 2026-06-17 v7.01r Hyperref driver for pdfTeX
\Fld@listcount=\count330
\c@bookmark@seq@number=\count331

(/usr/local/texlive/2025basic/texmf-dist/tex/latex/rerunfilecheck/rerunfilechec
k.sty
Package: rerunfilecheck 2025-06-21 v1.11 Rerun checks for auxiliary files (HO)

(/usr/local/texlive/2025basic/texmf-dist/tex/generic/uniquecounter/uniquecounte
r.sty
Package: uniquecounter 2019/12/15 v1.4 Provide unlimited unique counter (HO)
)
Package uniquecounter Info: New unique counter `rerunfilecheck' on input line 2
84.
))
(/usr/local/texlive/2025basic/texmf-dist/tex/latex/beamer/beamerbaserequires.st
y
(/usr/local/texlive/2025basic/texmf-dist/tex/latex/beamer/beamerbasecompatibili
ty.sty)
(/usr/local/texlive/2025basic/texmf-dist/tex/latex/beamer/beamerbasefont.sty
(/usr/local/texlive/2025basic/texmf-dist/tex/latex/amsfonts/amssymb.sty
Package: amssymb 2013/01/14 v3.01 AMS font symbols

(/usr/local/texlive/2025basic/texmf-dist/tex/latex/amsfonts/amsfonts.sty
Package: amsfonts 2013/01/14 v3.01 Basic AMSFonts support
\@emptytoks=\toks29
\symAMSa=\mathgroup4
\symAMSb=\mathgroup5
LaTeX Font Info:    Redeclaring math symbol \hbar on input line 98.
LaTeX Font Info:    Overwriting math alphabet `\mathfrak' in version `bold'
(Font)                  U/euf/m/n --> U/euf/b/n on input line 106.
)))
(/usr/local/texlive/2025basic/texmf-dist/tex/latex/beamer/beamerbasetranslator.
sty
(/usr/local/texlive/2025basic/texmf-dist/tex/latex/translator/translator.sty
Package: translator 2021-05-31 v1.12d Easy translation of strings in LaTeX
))
(/usr/local/texlive/2025basic/texmf-dist/tex/latex/beamer/beamerbasemisc.sty)
(/usr/local/texlive/2025basic/texmf-dist/tex/latex/beamer/beamerbasetwoscreens.
sty)
(/usr/local/texlive/2025basic/texmf-dist/tex/latex/beamer/beamerbaseoverlay.sty
\beamer@argscount=\count332
\beamer@lastskipcover=\skip52
\beamer@trivlistdepth=\count333
) (/usr/local/texlive/2025basic/texmf-dist/tex/latex/beamer/beamerbasetitle.sty
)
(/usr/local/texlive/2025basic/texmf-dist/tex/latex/beamer/beamerbasesection.sty
\c@lecture=\count334
\c@part=\count335
\c@section=\count336
\c@subsection=\count337
\c@subsubsection=\count338
) (/usr/local/texlive/2025basic/texmf-dist/tex/latex/beamer/beamerbaseframe.sty
\beamer@framebox=\box68
\beamer@frametitlebox=\box69
\beamer@zoombox=\box70
\beamer@zoomcount=\count339
\beamer@zoomframecount=\count340
\beamer@frametextheight=\dimen281
\c@subsectionslide=\count341
\beamer@frametopskip=\skip53
\beamer@framebottomskip=\skip54
\beamer@frametopskipautobreak=\skip55
\beamer@framebottomskipautobreak=\skip56
\beamer@envbody=\toks30
\framewidth=\dimen282
\c@framenumber=\count342
)
(/usr/local/texlive/2025basic/texmf-dist/tex/latex/beamer/beamerbaseverbatim.st
y
\beamer@verbatimfileout=\write4
)
(/usr/local/texlive/2025basic/texmf-dist/tex/latex/beamer/beamerbaseframesize.s
ty
\beamer@splitbox=\box71
\beamer@autobreakcount=\count343
\beamer@autobreaklastheight=\dimen283
\beamer@frametitletoks=\toks31
\beamer@framesubtitletoks=\toks32
)
(/usr/local/texlive/2025basic/texmf-dist/tex/latex/beamer/beamerbaseframecompon
ents.sty
\beamer@colheight=\skip57
\beamer@footins=\box72
)
(/usr/local/texlive/2025basic/texmf-dist/tex/latex/beamer/beamerbasecolor.sty)
(/usr/local/texlive/2025basic/texmf-dist/tex/latex/beamer/beamerbasenotes.sty
\beamer@frameboxcopy=\box73
)
(/usr/local/texlive/2025basic/texmf-dist/tex/latex/beamer/beamerbasetoc.sty)
(/usr/local/texlive/2025basic/texmf-dist/tex/latex/beamer/beamerbasetemplates.s
ty
\beamer@sbttoks=\toks33

(/usr/local/texlive/2025basic/texmf-dist/tex/latex/beamer/beamerbaseauxtemplate
s.sty
(/usr/local/texlive/2025basic/texmf-dist/tex/latex/beamer/beamerbaseboxes.sty
\bmb@box=\box74
\bmb@colorbox=\box75
\bmb@boxwidth=\dimen284
\bmb@boxheight=\dimen285
\bmb@prevheight=\dimen286
\bmb@temp=\dimen287
\bmb@dima=\dimen288
\bmb@dimb=\dimen289
\bmb@prevheight=\dimen290
)
\beamer@blockheadheight=\dimen291
))
(/usr/local/texlive/2025basic/texmf-dist/tex/latex/beamer/beamerbaselocalstruct
ure.sty (/usr/local/texlive/2025basic/texmf-dist/tex/latex/tools/enumerate.sty
Package: enumerate 2023/07/04 v3.00 enumerate extensions (DPC)
\@enLab=\toks34
)
\beamer@bibiconwidth=\skip58
\c@figure=\count344
\c@table=\count345
\abovecaptionskip=\skip59
\belowcaptionskip=\skip60
)
(/usr/local/texlive/2025basic/texmf-dist/tex/latex/beamer/beamerbasenavigation.
sty
(/usr/local/texlive/2025basic/texmf-dist/tex/latex/beamer/beamerbasenavigations
ymbols.tex)
\beamer@section@min@dim=\dimen292
)
(/usr/local/texlive/2025basic/texmf-dist/tex/latex/beamer/beamerbasetheorems.st
y (/usr/local/texlive/2025basic/texmf-dist/tex/latex/amsmath/amsmath.sty
Package: amsmath 2026/05/19 v2.18d AMS math features
\@mathmargin=\skip61

For additional information on amsmath, use the `?' option.
(/usr/local/texlive/2025basic/texmf-dist/tex/latex/amsmath/amstext.sty
Package: amstext 2024/11/17 v2.01 AMS text

(/usr/local/texlive/2025basic/texmf-dist/tex/latex/amsmath/amsgen.sty
File: amsgen.sty 1999/11/30 v2.0 generic functions
\@emptytoks=\toks35
\ex@=\dimen293
))
(/usr/local/texlive/2025basic/texmf-dist/tex/latex/amsmath/amsbsy.sty
Package: amsbsy 1999/11/29 v1.2d Bold Symbols
\pmbraise@=\dimen294
)
(/usr/local/texlive/2025basic/texmf-dist/tex/latex/amsmath/amsopn.sty
Package: amsopn 2022/04/08 v2.04 operator names
)
\inf@bad=\count346
LaTeX Info: Redefining \frac on input line 233.
\uproot@=\count347
\leftroot@=\count348
LaTeX Info: Redefining \overline on input line 398.
LaTeX Info: Redefining \colon on input line 409.
\classnum@=\count349
\DOTSCASE@=\count350
LaTeX Info: Redefining \ldots on input line 495.
LaTeX Info: Redefining \dots on input line 498.
LaTeX Info: Redefining \cdots on input line 619.
\Mathstrutbox@=\box76
\strutbox@=\box77
LaTeX Info: Redefining \big on input line 721.
LaTeX Info: Redefining \Big on input line 722.
LaTeX Info: Redefining \bigg on input line 723.
LaTeX Info: Redefining \Bigg on input line 724.
\big@size=\dimen295
LaTeX Font Info:    Redeclaring font encoding OML on input line 742.
LaTeX Font Info:    Redeclaring font encoding OMS on input line 743.
\macc@depth=\count351
LaTeX Info: Redefining \bmod on input line 904.
LaTeX Info: Redefining \pmod on input line 909.
LaTeX Info: Redefining \smash on input line 939.
LaTeX Info: Redefining \relbar on input line 969.
LaTeX Info: Redefining \Relbar on input line 970.
\c@MaxMatrixCols=\count352
\dotsspace@=\muskip18
\c@parentequation=\count353
\dspbrk@lvl=\count354
\tag@help=\toks36
\row@=\count355
\column@=\count356
\maxfields@=\count357
\andhelp@=\toks37
\eqnshift@=\dimen296
\alignsep@=\dimen297
\tagshift@=\dimen298
\tagwidth@=\dimen299
\totwidth@=\dimen300
\lineht@=\dimen301
\@envbody=\toks38
\multlinegap=\skip62
\multlinetaggap=\skip63
\mathdisplay@stack=\toks39
LaTeX Info: Redefining \[ on input line 2965.
LaTeX Info: Redefining \] on input line 2966.
)
(/usr/local/texlive/2025basic/texmf-dist/tex/latex/amscls/amsthm.sty
Package: amsthm 2020/05/29 v2.20.6
\thm@style=\toks40
\thm@bodyfont=\toks41
\thm@headfont=\toks42
\thm@notefont=\toks43
\thm@headpunct=\toks44
\thm@preskip=\skip64
\thm@postskip=\skip65
\thm@headsep=\skip66
\dth@everypar=\toks45
)
\c@theorem=\count358
)
(/usr/local/texlive/2025basic/texmf-dist/tex/latex/beamer/beamerbasethemes.sty)
)
(/usr/local/texlive/2025basic/texmf-dist/tex/latex/beamer/beamerthemedefault.st
y
(/usr/local/texlive/2025basic/texmf-dist/tex/latex/beamer/beamerfontthemedefaul
t.sty)
(/usr/local/texlive/2025basic/texmf-dist/tex/latex/beamer/beamercolorthemedefau
lt.sty)
(/usr/local/texlive/2025basic/texmf-dist/tex/latex/beamer/beamerinnerthemedefau
lt.sty
\beamer@dima=\dimen302
\beamer@dimb=\dimen303
)
(/usr/local/texlive/2025basic/texmf-dist/tex/latex/beamer/beamerouterthemedefau
lt.sty)))
(/usr/local/texlive/2025basic/texmf-dist/tex/latex/beamer/beamerthemeBerkeley.s
ty
(/usr/local/texlive/2025basic/texmf-dist/tex/latex/beamer/beamerouterthemesideb
ar.sty
\beamer@sidebarwidth=\dimen304
\beamer@headheight=\dimen305
)
(/usr/local/texlive/2025basic/texmf-dist/tex/latex/beamer/beamerinnerthemerecta
ngles.sty)
(/usr/local/texlive/2025basic/texmf-dist/tex/latex/beamer/beamercolorthemewhale
.sty)
(/usr/local/texlive/2025basic/texmf-dist/tex/latex/beamer/beamercolorthemeorchi
d.sty))
(/usr/local/texlive/2025basic/texmf-dist/tex/latex/beamer/beamercolorthemeseaho
rse.sty)
(/usr/local/texlive/2025basic/texmf-dist/tex/latex/caption/subcaption.sty
Package: subcaption 2023/07/28 v1.6b Sub-captions (AR)

(/usr/local/texlive/2025basic/texmf-dist/tex/latex/caption/caption.sty
Package: caption 2023/08/05 v3.6o Customizing captions (AR)

(/usr/local/texlive/2025basic/texmf-dist/tex/latex/caption/caption3.sty
Package: caption3 2023/07/31 v2.4d caption3 kernel (AR)
\caption@tempdima=\dimen306
\captionmargin=\dimen307
\caption@leftmargin=\dimen308
\caption@rightmargin=\dimen309
\caption@width=\dimen310
\caption@indent=\dimen311
\caption@parindent=\dimen312
\caption@hangindent=\dimen313
Package caption Info: beamer document class detected.

(/usr/local/texlive/2025basic/texmf-dist/tex/latex/caption/caption-beamer.sto
File: caption-beamer.sto 2022/01/06 v2.0c Adaption of the caption package to th
e beamer document classes (AR)
))
\c@caption@flags=\count359
\c@continuedfloat=\count360
Package caption Info: hyperref package is loaded.
Package caption Info: Hyperref support is turned off
(caption)             because hyperref has stopped early.
)
Package caption Info: New subtype `subfigure' on input line 238.
\c@subfigure=\count361
Package caption Info: New subtype `subtable' on input line 238.
\c@subtable=\count362
)
(/usr/local/texlive/2025basic/texmf-dist/tex/latex/l3backend/l3backend-pdftex.d
ef
File: l3backend-pdftex.def 2026-07-20 L3 backend support: PDF output (pdfTeX)
\l__color_backend_stack_int=\count363
) (./oct_7_third_meeting_article_updates_and_design_requirements.aux)
\openout1 = `oct_7_third_meeting_article_updates_and_design_requirements.aux'.

LaTeX Font Info:    Checking defaults for OML/cmm/m/it on input line 21.
LaTeX Font Info:    ... okay on input line 21.
LaTeX Font Info:    Checking defaults for OMS/cmsy/m/n on input line 21.
LaTeX Font Info:    ... okay on input line 21.
LaTeX Font Info:    Checking defaults for OT1/cmr/m/n on input line 21.
LaTeX Font Info:    ... okay on input line 21.
LaTeX Font Info:    Checking defaults for T1/cmr/m/n on input line 21.
LaTeX Font Info:    ... okay on input line 21.
LaTeX Font Info:    Checking defaults for TS1/cmr/m/n on input line 21.
LaTeX Font Info:    ... okay on input line 21.
LaTeX Font Info:    Checking defaults for OMX/cmex/m/n on input line 21.
LaTeX Font Info:    ... okay on input line 21.
LaTeX Font Info:    Checking defaults for U/cmr/m/n on input line 21.
LaTeX Font Info:    ... okay on input line 21.
LaTeX Font Info:    Checking defaults for PD1/pdf/m/n on input line 21.
LaTeX Font Info:    ... okay on input line 21.
LaTeX Font Info:    Checking defaults for PU/pdf/m/n on input line 21.
LaTeX Font Info:    ... okay on input line 21.

*geometry* driver: auto-detecting
*geometry* detected driver: pdftex
*geometry* verbose mode - [ preamble ] result:
* driver: pdftex
* paper: custom
* layout: <same size as paper>
* layoutoffset:(h,v)=(0.0pt,0.0pt)
* modes: includehead includefoot 
* h-part:(L,W,R)=(59.22636pt, 290.74263pt, 14.22636pt)
* v-part:(T,H,B)=(0.0pt, 273.14662pt, 0.0pt)
* \paperwidth=364.19536pt
* \paperheight=273.14662pt
* \textwidth=290.74263pt
* \textheight=244.6939pt
* \oddsidemargin=-13.04362pt
* \evensidemargin=-13.04362pt
* \topmargin=-72.26999pt
* \headheight=14.22636pt
* \headsep=0.0pt
* \topskip=11.0pt
* \footskip=14.22636pt
* \marginparwidth=4.0pt
* \marginparsep=10.0pt
* \columnsep=10.0pt
* \skip\footins=10.0pt plus 4.0pt minus 2.0pt
* \hoffset=0.0pt
* \voffset=0.0pt
* \mag=1000
* \@twocolumnfalse
* \@twosidefalse
* \@mparswitchfalse
* \@reversemarginfalse
* (1in=72.27pt=25.4mm, 1cm=28.453pt)

(/usr/local/texlive/2025basic/texmf-dist/tex/context/base/mkii/supp-pdf.mkii
[Loading MPS to PDF converter (version 2006.09.02).]
\scratchcounter=\count364
\scratchdimen=\dimen314
\scratchbox=\box78
\nofMPsegments=\count365
\nofMParguments=\count366
\everyMPshowfont=\toks46
\MPscratchCnt=\count367
\MPscratchDim=\dimen315
\MPnumerator=\count368
\makeMPintoPDFobject=\count369
\everyMPtoPDFconversion=\toks47
)
(/usr/local/texlive/2025basic/texmf-dist/tex/latex/epstopdf-pkg/epstopdf-base.s
ty
Package: epstopdf-base 2020-01-24 v2.11 Base part for package epstopdf
Package epstopdf-base Info: Redefining graphics rule for `.eps' on input line 4
85.

(/usr/local/texlive/2025basic/texmf-dist/tex/latex/latexconfig/epstopdf-sys.cfg
File: epstopdf-sys.cfg 2010/07/13 v1.3 Configuration of (r)epstopdf for TeX Liv
e
))
Package hyperref Info: Link coloring OFF on input line 21.
 (./oct_7_third_meeting_article_updates_and_design_requirements.out)
(./oct_7_third_meeting_article_updates_and_design_requirements.out)
\@outlinefile=\write5
\openout5 = `oct_7_third_meeting_article_updates_and_design_requirements.out'.

LaTeX Font Info:    Overwriting symbol font `operators' in version `normal'
(Font)                  OT1/cmr/m/n --> OT1/cmss/m/n on input line 21.
LaTeX Font Info:    Overwriting symbol font `operators' in version `bold'
(Font)                  OT1/cmr/bx/n --> OT1/cmss/b/n on input line 21.
\symnumbers=\mathgroup6
\sympureletters=\mathgroup7
LaTeX Font Info:    Overwriting math alphabet `\mathrm' in version `normal'
(Font)                  OT1/cmss/m/n --> OT1/cmr/m/n on input line 21.
LaTeX Font Info:    Redeclaring math alphabet \mathbf on input line 21.
LaTeX Font Info:    Overwriting math alphabet `\mathbf' in version `normal'
(Font)                  OT1/cmr/bx/n --> OT1/cmss/b/n on input line 21.
LaTeX Font Info:    Overwriting math alphabet `\mathbf' in version `bold'
(Font)                  OT1/cmr/bx/n --> OT1/cmss/b/n on input line 21.
LaTeX Font Info:    Redeclaring math alphabet \mathsf on input line 21.
LaTeX Font Info:    Overwriting math alphabet `\mathsf' in version `normal'
(Font)                  OT1/cmss/m/n --> OT1/cmss/m/n on input line 21.
LaTeX Font Info:    Overwriting math alphabet `\mathsf' in version `bold'
(Font)                  OT1/cmss/bx/n --> OT1/cmss/m/n on input line 21.
LaTeX Font Info:    Redeclaring math alphabet \mathit on input line 21.
LaTeX Font Info:    Overwriting math alphabet `\mathit' in version `normal'
(Font)                  OT1/cmr/m/it --> OT1/cmss/m/it on input line 21.
LaTeX Font Info:    Overwriting math alphabet `\mathit' in version `bold'
(Font)                  OT1/cmr/bx/it --> OT1/cmss/m/it on input line 21.
LaTeX Font Info:    Redeclaring math alphabet \mathtt on input line 21.
LaTeX Font Info:    Overwriting math alphabet `\mathtt' in version `normal'
(Font)                  OT1/cmtt/m/n --> OT1/cmtt/m/n on input line 21.
LaTeX Font Info:    Overwriting math alphabet `\mathtt' in version `bold'
(Font)                  OT1/cmtt/m/n --> OT1/cmtt/m/n on input line 21.
LaTeX Font Info:    Overwriting symbol font `numbers' in version `bold'
(Font)                  OT1/cmss/m/n --> OT1/cmss/b/n on input line 21.
LaTeX Font Info:    Overwriting symbol font `pureletters' in version `bold'
(Font)                  OT1/cmss/m/it --> OT1/cmss/b/it on input line 21.
LaTeX Font Info:    Overwriting math alphabet `\mathrm' in version `bold'
(Font)                  OT1/cmss/b/n --> OT1/cmr/b/n on input line 21.
LaTeX Font Info:    Overwriting math alphabet `\mathbf' in version `bold'
(Font)                  OT1/cmss/b/n --> OT1/cmss/b/n on input line 21.
LaTeX Font Info:    Overwriting math alphabet `\mathsf' in version `bold'
(Font)                  OT1/cmss/m/n --> OT1/cmss/b/n on input line 21.
LaTeX Font Info:    Overwriting math alphabet `\mathit' in version `bold'
(Font)                  OT1/cmss/m/it --> OT1/cmss/b/it on input line 21.
LaTeX Font Info:    Overwriting math alphabet `\mathtt' in version `bold'
(Font)                  OT1/cmtt/m/n --> OT1/cmtt/b/n on input line 21.

(/usr/local/texlive/2025basic/texmf-dist/tex/latex/translator/translator-basic-
dictionary-English.dict
Dictionary: translator-basic-dictionary, Language: English 
)
(/usr/local/texlive/2025basic/texmf-dist/tex/latex/translator/translator-biblio
graphy-dictionary-English.dict
Dictionary: translator-bibliography-dictionary, Language: English 
)
(/usr/local/texlive/2025basic/texmf-dist/tex/latex/translator/translator-enviro
nment-dictionary-English.dict
Dictionary: translator-environment-dictionary, Language: English 
)
(/usr/local/texlive/2025basic/texmf-dist/tex/latex/translator/translator-months
-dictionary-English.dict
Dictionary: translator-months-dictionary, Language: English 
)
(/usr/local/texlive/2025basic/texmf-dist/tex/latex/translator/translator-number
s-dictionary-English.dict
Dictionary: translator-numbers-dictionary, Language: English 
)
(/usr/local/texlive/2025basic/texmf-dist/tex/latex/translator/translator-theore
m-dictionary-English.dict
Dictionary: translator-theorem-dictionary, Language: English 
)
Package caption Info: Begin \AtBeginDocument code.
Package caption Info: End \AtBeginDocument code.

(./oct_7_third_meeting_article_updates_and_design_requirements.nav)
<_images/TUJ_CS_SOCIETY_LOGO.jpg, id=41, 592.2125pt x 594.22pt>
File: _images/TUJ_CS_SOCIETY_LOGO.jpg Graphic file (type jpg)
<use _images/TUJ_CS_SOCIETY_LOGO.jpg>
Package pdftex.def Info: _images/TUJ_CS_SOCIETY_LOGO.jpg  used on input line 21
.
(pdftex.def)             Requested size: 28.3563pt x 28.45274pt.
File: _images/TUJ_CS_SOCIETY_LOGO.jpg Graphic file (type jpg)
<use _images/TUJ_CS_SOCIETY_LOGO.jpg>
Package pdftex.def Info: _images/TUJ_CS_SOCIETY_LOGO.jpg  used on input line 40
.
(pdftex.def)             Requested size: 28.3563pt x 28.45274pt.
File: _images/TUJ_CS_SOCIETY_LOGO.jpg Graphic file (type jpg)
<use _images/TUJ_CS_SOCIETY_LOGO.jpg>
Package pdftex.def Info: _images/TUJ_CS_SOCIETY_LOGO.jpg  used on input line 40
.
(pdftex.def)             Requested size: 28.3563pt x 28.45274pt.
 [1{/usr/local/texlive/2025basic/texmf-var/fonts/map/pdftex/updmap/pdftex.map}

 <./_images/TUJ_CS_SOCIETY_LOGO.jpg>]
File: _images/TUJ_CS_SOCIETY_LOGO.jpg Graphic file (type jpg)
<use _images/TUJ_CS_SOCIETY_LOGO.jpg>
Package pdftex.def Info: _images/TUJ_CS_SOCIETY_LOGO.jpg  used on input line 49
.
(pdftex.def)             Requested size: 28.3563pt x 28.45274pt.

(./oct_7_third_meeting_article_updates_and_design_requirements.toc)
File: _images/TUJ_CS_SOCIETY_LOGO.jpg Graphic file (type jpg)
<use _images/TUJ_CS_SOCIETY_LOGO.jpg>
Package pdftex.def Info: _images/TUJ_CS_SOCIETY_LOGO.jpg  used on input line 49
.
(pdftex.def)             Requested size: 28.3563pt x 28.45274pt.
 [2

]
File: _images/TUJ_CS_SOCIETY_LOGO.jpg Graphic file (type jpg)
<use _images/TUJ_CS_SOCIETY_LOGO.jpg>
Package pdftex.def Info: _images/TUJ_CS_SOCIETY_LOGO.jpg  used on input line 55
.
(pdftex.def)             Requested size: 28.3563pt x 28.45274pt.

(./oct_7_third_meeting_article_updates_and_design_requirements.toc)
File: _images/TUJ_CS_SOCIETY_LOGO.jpg Graphic file (type jpg)
<use _images/TUJ_CS_SOCIETY_LOGO.jpg>
Package pdftex.def Info: _images/TUJ_CS_SOCIETY_LOGO.jpg  used on input line 55
.
(pdftex.def)             Requested size: 28.3563pt x 28.45274pt.
 [3

]
File: _images/TUJ_CS_SOCIETY_LOGO.jpg Graphic file (type jpg)
<use _images/TUJ_CS_SOCIETY_LOGO.jpg>
Package pdftex.def Info: _images/TUJ_CS_SOCIETY_LOGO.jpg  used on input line 68
.
(pdftex.def)             Requested size: 28.3563pt x 28.45274pt.
File: _images/TUJ_CS_SOCIETY_LOGO.jpg Graphic file (type jpg)
<use _images/TUJ_CS_SOCIETY_LOGO.jpg>
Package pdftex.def Info: _images/TUJ_CS_SOCIETY_LOGO.jpg  used on input line 68
.
(pdftex.def)             Requested size: 28.3563pt x 28.45274pt.

[4

]
File: _images/TUJ_CS_SOCIETY_LOGO.jpg Graphic file (type jpg)
<use _images/TUJ_CS_SOCIETY_LOGO.jpg>
Package pdftex.def Info: _images/TUJ_CS_SOCIETY_LOGO.jpg  used on input line 68
.
(pdftex.def)             Requested size: 28.3563pt x 28.45274pt.
 [5

]
File: _images/TUJ_CS_SOCIETY_LOGO.jpg Graphic file (type jpg)
<use _images/TUJ_CS_SOCIETY_LOGO.jpg>
Package pdftex.def Info: _images/TUJ_CS_SOCIETY_LOGO.jpg  used on input line 68
.
(pdftex.def)             Requested size: 28.3563pt x 28.45274pt.
 [6

]
File: _images/TUJ_CS_SOCIETY_LOGO.jpg Graphic file (type jpg)
<use _images/TUJ_CS_SOCIETY_LOGO.jpg>
Package pdftex.def Info: _images/TUJ_CS_SOCIETY_LOGO.jpg  used on input line 74
.
(pdftex.def)             Requested size: 28.3563pt x 28.45274pt.
 (./oct_7_third_meeting_article_updates_and_design_requirements.toc)
File: _images/TUJ_CS_SOCIETY_LOGO.jpg Graphic file (type jpg)
<use _images/TUJ_CS_SOCIETY_LOGO.jpg>
Package pdftex.def Info: _images/TUJ_CS_SOCIETY_LOGO.jpg  used on input line 74
.
(pdftex.def)             Requested size: 28.3563pt x 28.45274pt.
[7

]
File: _images/TUJ_CS_SOCIETY_LOGO.jpg Graphic file (type jpg)
<use _images/TUJ_CS_SOCIETY_LOGO.jpg>
Package pdftex.def Info: _images/TUJ_CS_SOCIETY_LOGO.jpg  used on input line 89
.
(pdftex.def)             Requested size: 28.3563pt x 28.45274pt.
File: _images/TUJ_CS_SOCIETY_LOGO.jpg Graphic file (type jpg)
<use _images/TUJ_CS_SOCIETY_LOGO.jpg>
Package pdftex.def Info: _images/TUJ_CS_SOCIETY_LOGO.jpg  used on input line 89
.
(pdftex.def)             Requested size: 28.3563pt x 28.45274pt.
 [8

]
File: _images/TUJ_CS_SOCIETY_LOGO.jpg Graphic file (type jpg)
<use _images/TUJ_CS_SOCIETY_LOGO.jpg>
Package pdftex.def Info: _images/TUJ_CS_SOCIETY_LOGO.jpg  used on input line 89
.
(pdftex.def)             Requested size: 28.3563pt x 28.45274pt.
 [9

]
File: _images/TUJ_CS_SOCIETY_LOGO.jpg Graphic file (type jpg)
<use _images/TUJ_CS_SOCIETY_LOGO.jpg>
Package pdftex.def Info: _images/TUJ_CS_SOCIETY_LOGO.jpg  used on input line 89
.
(pdftex.def)             Requested size: 28.3563pt x 28.45274pt.
 [10

]
File: _images/TUJ_CS_SOCIETY_LOGO.jpg Graphic file (type jpg)
<use _images/TUJ_CS_SOCIETY_LOGO.jpg>
Package pdftex.def Info: _images/TUJ_CS_SOCIETY_LOGO.jpg  used on input line 89
.
(pdftex.def)             Requested size: 28.3563pt x 28.45274pt.
 [11

]
File: _images/TUJ_CS_SOCIETY_LOGO.jpg Graphic file (type jpg)
<use _images/TUJ_CS_SOCIETY_LOGO.jpg>
Package pdftex.def Info: _images/TUJ_CS_SOCIETY_LOGO.jpg  used on input line 89
.
(pdftex.def)             Requested size: 28.3563pt x 28.45274pt.
 [12

]
File: _images/TUJ_CS_SOCIETY_LOGO.jpg Graphic file (type jpg)
<use _images/TUJ_CS_SOCIETY_LOGO.jpg>
Package pdftex.def Info: _images/TUJ_CS_SOCIETY_LOGO.jpg  used on input line 94
.
(pdftex.def)             Requested size: 28.3563pt x 28.45274pt.

(./oct_7_third_meeting_article_updates_and_design_requirements.toc)
File: _images/TUJ_CS_SOCIETY_LOGO.jpg Graphic file (type jpg)
<use _images/TUJ_CS_SOCIETY_LOGO.jpg>
Package pdftex.def Info: _images/TUJ_CS_SOCIETY_LOGO.jpg  used on input line 94
.
(pdftex.def)             Requested size: 28.3563pt x 28.45274pt.
 [13

]
File: _images/TUJ_CS_SOCIETY_LOGO.jpg Graphic file (type jpg)
<use _images/TUJ_CS_SOCIETY_LOGO.jpg>
Package pdftex.def Info: _images/TUJ_CS_SOCIETY_LOGO.jpg  used on input line 10
9.
(pdftex.def)             Requested size: 28.3563pt x 28.45274pt.
File: _images/TUJ_CS_SOCIETY_LOGO.jpg Graphic file (type jpg)
<use _images/TUJ_CS_SOCIETY_LOGO.jpg>
Package pdftex.def Info: _images/TUJ_CS_SOCIETY_LOGO.jpg  used on input line 10
9.
(pdftex.def)             Requested size: 28.3563pt x 28.45274pt.

[14

]
File: _images/TUJ_CS_SOCIETY_LOGO.jpg Graphic file (type jpg)
<use _images/TUJ_CS_SOCIETY_LOGO.jpg>
Package pdftex.def Info: _images/TUJ_CS_SOCIETY_LOGO.jpg  used on input line 10
9.
(pdftex.def)             Requested size: 28.3563pt x 28.45274pt.
 [15

]
File: _images/TUJ_CS_SOCIETY_LOGO.jpg Graphic file (type jpg)
<use _images/TUJ_CS_SOCIETY_LOGO.jpg>
Package pdftex.def Info: _images/TUJ_CS_SOCIETY_LOGO.jpg  used on input line 10
9.
(pdftex.def)             Requested size: 28.3563pt x 28.45274pt.
 [16

]
File: _images/TUJ_CS_SOCIETY_LOGO.jpg Graphic file (type jpg)
<use _images/TUJ_CS_SOCIETY_LOGO.jpg>
Package pdftex.def Info: _images/TUJ_CS_SOCIETY_LOGO.jpg  used on input line 10
9.
(pdftex.def)             Requested size: 28.3563pt x 28.45274pt.
 [17

]
File: _images/TUJ_CS_SOCIETY_LOGO.jpg Graphic file (type jpg)
<use _images/TUJ_CS_SOCIETY_LOGO.jpg>
Package pdftex.def Info: _images/TUJ_CS_SOCIETY_LOGO.jpg  used on input line 11
5.
(pdftex.def)             Requested size: 28.3563pt x 28.45274pt.

(./oct_7_third_meeting_article_updates_and_design_requirements.toc)
File: _images/TUJ_CS_SOCIETY_LOGO.jpg Graphic file (type jpg)
<use _images/TUJ_CS_SOCIETY_LOGO.jpg>
Package pdftex.def Info: _images/TUJ_CS_SOCIETY_LOGO.jpg  used on input line 11
5.
(pdftex.def)             Requested size: 28.3563pt x 28.45274pt.
 [18

]
File: _images/TUJ_CS_SOCIETY_LOGO.jpg Graphic file (type jpg)
<use _images/TUJ_CS_SOCIETY_LOGO.jpg>
Package pdftex.def Info: _images/TUJ_CS_SOCIETY_LOGO.jpg  used on input line 12
8.
(pdftex.def)             Requested size: 28.3563pt x 28.45274pt.
File: _images/TUJ_CS_SOCIETY_LOGO.jpg Graphic file (type jpg)
<use _images/TUJ_CS_SOCIETY_LOGO.jpg>
Package pdftex.def Info: _images/TUJ_CS_SOCIETY_LOGO.jpg  used on input line 12
8.
(pdftex.def)             Requested size: 28.3563pt x 28.45274pt.

[19

]
File: _images/TUJ_CS_SOCIETY_LOGO.jpg Graphic file (type jpg)
<use _images/TUJ_CS_SOCIETY_LOGO.jpg>
Package pdftex.def Info: _images/TUJ_CS_SOCIETY_LOGO.jpg  used on input line 12
8.
(pdftex.def)             Requested size: 28.3563pt x 28.45274pt.
 [20

]
File: _images/TUJ_CS_SOCIETY_LOGO.jpg Graphic file (type jpg)
<use _images/TUJ_CS_SOCIETY_LOGO.jpg>
Package pdftex.def Info: _images/TUJ_CS_SOCIETY_LOGO.jpg  used on input line 12
8.
(pdftex.def)             Requested size: 28.3563pt x 28.45274pt.
 [21

]
File: _images/TUJ_CS_SOCIETY_LOGO.jpg Graphic file (type jpg)
<use _images/TUJ_CS_SOCIETY_LOGO.jpg>
Package pdftex.def Info: _images/TUJ_CS_SOCIETY_LOGO.jpg  used on input line 13
4.
(pdftex.def)             Requested size: 28.3563pt x 28.45274pt.

(./oct_7_third_meeting_article_updates_and_design_requirements.toc)
File: _images/TUJ_CS_SOCIETY_LOGO.jpg Graphic file (type jpg)
<use _images/TUJ_CS_SOCIETY_LOGO.jpg>
Package pdftex.def Info: _images/TUJ_CS_SOCIETY_LOGO.jpg  used on input line 13
4.
(pdftex.def)             Requested size: 28.3563pt x 28.45274pt.
 [22

]
File: _images/TUJ_CS_SOCIETY_LOGO.jpg Graphic file (type jpg)
<use _images/TUJ_CS_SOCIETY_LOGO.jpg>
Package pdftex.def Info: _images/TUJ_CS_SOCIETY_LOGO.jpg  used on input line 14
9.
(pdftex.def)             Requested size: 28.3563pt x 28.45274pt.
File: _images/TUJ_CS_SOCIETY_LOGO.jpg Graphic file (type jpg)
<use _images/TUJ_CS_SOCIETY_LOGO.jpg>
Package pdftex.def Info: _images/TUJ_CS_SOCIETY_LOGO.jpg  used on input line 14
9.
(pdftex.def)             Requested size: 28.3563pt x 28.45274pt.

[23

]
File: _images/TUJ_CS_SOCIETY_LOGO.jpg Graphic file (type jpg)
<use _images/TUJ_CS_SOCIETY_LOGO.jpg>
Package pdftex.def Info: _images/TUJ_CS_SOCIETY_LOGO.jpg  used on input line 14
9.
(pdftex.def)             Requested size: 28.3563pt x 28.45274pt.
 [24

]
File: _images/TUJ_CS_SOCIETY_LOGO.jpg Graphic file (type jpg)
<use _images/TUJ_CS_SOCIETY_LOGO.jpg>
Package pdftex.def Info: _images/TUJ_CS_SOCIETY_LOGO.jpg  used on input line 14
9.
(pdftex.def)             Requested size: 28.3563pt x 28.45274pt.
 [25

]
File: _images/TUJ_CS_SOCIETY_LOGO.jpg Graphic file (type jpg)
<use _images/TUJ_CS_SOCIETY_LOGO.jpg>
Package pdftex.def Info: _images/TUJ_CS_SOCIETY_LOGO.jpg  used on input line 14
9.
(pdftex.def)             Requested size: 28.3563pt x 28.45274pt.
 [26

]
File: _images/TUJ_CS_SOCIETY_LOGO.jpg Graphic file (type jpg)
<use _images/TUJ_CS_SOCIETY_LOGO.jpg>
Package pdftex.def Info: _images/TUJ_CS_SOCIETY_LOGO.jpg  used on input line 16
1.
(pdftex.def)             Requested size: 28.3563pt x 28.45274pt.
<_images/shared_folder.png, id=964, 874.26625pt x 532.99126pt>
File: _images/shared_folder.png Graphic file (type png)
<use _images/shared_folder.png>
Package pdftex.def Info: _images/shared_folder.png  used on input line 161.
(pdftex.def)             Requested size: 290.74263pt x 177.24583pt.
File: _images/TUJ_CS_SOCIETY_LOGO.jpg Graphic file (type jpg)
<use _images/TUJ_CS_SOCIETY_LOGO.jpg>
Package pdftex.def Info: _images/TUJ_CS_SOCIETY_LOGO.jpg  used on input line 16
1.
(pdftex.def)             Requested size: 28.3563pt x 28.45274pt.
 [27

 <./_images/shared_folder.png>]
File: _images/TUJ_CS_SOCIETY_LOGO.jpg Graphic file (type jpg)
<use _images/TUJ_CS_SOCIETY_LOGO.jpg>
Package pdftex.def Info: _images/TUJ_CS_SOCIETY_LOGO.jpg  used on input line 16
7.
(pdftex.def)             Requested size: 28.3563pt x 28.45274pt.

(./oct_7_third_meeting_article_updates_and_design_requirements.toc)
File: _images/TUJ_CS_SOCIETY_LOGO.jpg Graphic file (type jpg)
<use _images/TUJ_CS_SOCIETY_LOGO.jpg>
Package pdftex.def Info: _images/TUJ_CS_SOCIETY_LOGO.jpg  used on input line 16
7.
(pdftex.def)             Requested size: 28.3563pt x 28.45274pt.
 [28

]
File: _images/TUJ_CS_SOCIETY_LOGO.jpg Graphic file (type jpg)
<use _images/TUJ_CS_SOCIETY_LOGO.jpg>
Package pdftex.def Info: _images/TUJ_CS_SOCIETY_LOGO.jpg  used on input line 18
6.
(pdftex.def)             Requested size: 28.3563pt x 28.45274pt.
File: _images/TUJ_CS_SOCIETY_LOGO.jpg Graphic file (type jpg)
<use _images/TUJ_CS_SOCIETY_LOGO.jpg>
Package pdftex.def Info: _images/TUJ_CS_SOCIETY_LOGO.jpg  used on input line 18
6.
(pdftex.def)             Requested size: 28.3563pt x 28.45274pt.

[29

]
File: _images/TUJ_CS_SOCIETY_LOGO.jpg Graphic file (type jpg)
<use _images/TUJ_CS_SOCIETY_LOGO.jpg>
Package pdftex.def Info: _images/TUJ_CS_SOCIETY_LOGO.jpg  used on input line 18
6.
(pdftex.def)             Requested size: 28.3563pt x 28.45274pt.
 [30

]
File: _images/TUJ_CS_SOCIETY_LOGO.jpg Graphic file (type jpg)
<use _images/TUJ_CS_SOCIETY_LOGO.jpg>
Package pdftex.def Info: _images/TUJ_CS_SOCIETY_LOGO.jpg  used on input line 18
6.
(pdftex.def)             Requested size: 28.3563pt x 28.45274pt.
 [31

]
File: _images/TUJ_CS_SOCIETY_LOGO.jpg Graphic file (type jpg)
<use _images/TUJ_CS_SOCIETY_LOGO.jpg>
Package pdftex.def Info: _images/TUJ_CS_SOCIETY_LOGO.jpg  used on input line 18
6.
(pdftex.def)             Requested size: 28.3563pt x 28.45274pt.
 [32

]
File: _images/TUJ_CS_SOCIETY_LOGO.jpg Graphic file (type jpg)
<use _images/TUJ_CS_SOCIETY_LOGO.jpg>
Package pdftex.def Info: _images/TUJ_CS_SOCIETY_LOGO.jpg  used on input line 18
6.
(pdftex.def)             Requested size: 28.3563pt x 28.45274pt.
 [33

]
File: _images/TUJ_CS_SOCIETY_LOGO.jpg Graphic file (type jpg)
<use _images/TUJ_CS_SOCIETY_LOGO.jpg>
Package pdftex.def Info: _images/TUJ_CS_SOCIETY_LOGO.jpg  used on input line 18
6.
(pdftex.def)             Requested size: 28.3563pt x 28.45274pt.
 [34

]
File: _images/TUJ_CS_SOCIETY_LOGO.jpg Graphic file (type jpg)
<use _images/TUJ_CS_SOCIETY_LOGO.jpg>
Package pdftex.def Info: _images/TUJ_CS_SOCIETY_LOGO.jpg  used on input line 19
2.
(pdftex.def)             Requested size: 28.3563pt x 28.45274pt.

(./oct_7_third_meeting_article_updates_and_design_requirements.toc)
File: _images/TUJ_CS_SOCIETY_LOGO.jpg Graphic file (type jpg)
<use _images/TUJ_CS_SOCIETY_LOGO.jpg>
Package pdftex.def Info: _images/TUJ_CS_SOCIETY_LOGO.jpg  used on input line 19
2.
(pdftex.def)             Requested size: 28.3563pt x 28.45274pt.
 [35

]
File: _images/TUJ_CS_SOCIETY_LOGO.jpg Graphic file (type jpg)
<use _images/TUJ_CS_SOCIETY_LOGO.jpg>
Package pdftex.def Info: _images/TUJ_CS_SOCIETY_LOGO.jpg  used on input line 21
0.
(pdftex.def)             Requested size: 28.3563pt x 28.45274pt.
File: _images/TUJ_CS_SOCIETY_LOGO.jpg Graphic file (type jpg)
<use _images/TUJ_CS_SOCIETY_LOGO.jpg>
Package pdftex.def Info: _images/TUJ_CS_SOCIETY_LOGO.jpg  used on input line 21
0.
(pdftex.def)             Requested size: 28.3563pt x 28.45274pt.

[36

]
File: _images/TUJ_CS_SOCIETY_LOGO.jpg Graphic file (type jpg)
<use _images/TUJ_CS_SOCIETY_LOGO.jpg>
Package pdftex.def Info: _images/TUJ_CS_SOCIETY_LOGO.jpg  used on input line 21
0.
(pdftex.def)             Requested size: 28.3563pt x 28.45274pt.
 [37

]
File: _images/TUJ_CS_SOCIETY_LOGO.jpg Graphic file (type jpg)
<use _images/TUJ_CS_SOCIETY_LOGO.jpg>
Package pdftex.def Info: _images/TUJ_CS_SOCIETY_LOGO.jpg  used on input line 21
0.
(pdftex.def)             Requested size: 28.3563pt x 28.45274pt.
 [38

]
File: _images/TUJ_CS_SOCIETY_LOGO.jpg Graphic file (type jpg)
<use _images/TUJ_CS_SOCIETY_LOGO.jpg>
Package pdftex.def Info: _images/TUJ_CS_SOCIETY_LOGO.jpg  used on input line 21
0.
(pdftex.def)             Requested size: 28.3563pt x 28.45274pt.
 [39

]
File: _images/TUJ_CS_SOCIETY_LOGO.jpg Graphic file (type jpg)
<use _images/TUJ_CS_SOCIETY_LOGO.jpg>
Package pdftex.def Info: _images/TUJ_CS_SOCIETY_LOGO.jpg  used on input line 21
0.
(pdftex.def)             Requested size: 28.3563pt x 28.45274pt.
 [40

]
File: _images/TUJ_CS_SOCIETY_LOGO.jpg Graphic file (type jpg)
<use _images/TUJ_CS_SOCIETY_LOGO.jpg>
Package pdftex.def Info: _images/TUJ_CS_SOCIETY_LOGO.jpg  used on input line 21
0.
(pdftex.def)             Requested size: 28.3563pt x 28.45274pt.
 [41

]
File: _images/TUJ_CS_SOCIETY_LOGO.jpg Graphic file (type jpg)
<use _images/TUJ_CS_SOCIETY_LOGO.jpg>
Package pdftex.def Info: _images/TUJ_CS_SOCIETY_LOGO.jpg  used on input line 21
7.
(pdftex.def)             Requested size: 28.3563pt x 28.45274pt.
File: _images/TUJ_CS_SOCIETY_LOGO.jpg Graphic file (type jpg)
<use _images/TUJ_CS_SOCIETY_LOGO.jpg>
Package pdftex.def Info: _images/TUJ_CS_SOCIETY_LOGO.jpg  used on input line 21
7.
(pdftex.def)             Requested size: 28.3563pt x 28.45274pt.
 [42

]
\tf@nav=\write6
\openout6 = `oct_7_third_meeting_article_updates_and_design_requirements.nav'.

\tf@toc=\write7
\openout7 = `oct_7_third_meeting_article_updates_and_design_requirements.toc'.

\tf@snm=\write8
\openout8 = `oct_7_third_meeting_article_updates_and_design_requirements.snm'.


(./oct_7_third_meeting_article_updates_and_design_requirements.aux)
 ***********
LaTeX2e <2026-06-01>
L3 programming layer <2026-07-20>
 ***********
Package rerunfilecheck Info: File `oct_7_third_meeting_article_updates_and_desi
gn_requirements.out' has not changed.
(rerunfilecheck)             Checksum: E546A8A2AB80B03B64DC6481E0EC4AE8;956.
 ) 
Here is how much of TeX's memory you used:
 23373 strings out of 468640
 457791 string characters out of 5445039
 834950 words of memory out of 5000000
 51903 multiletter control sequences out of 15000+600000
 630488 words of font info for 49 fonts, out of 8000000 for 9000
 319 hyphenation exceptions out of 8191
 101i,20n,107p,435b,668s stack positions out of 10000i,1000n,20000p,200000b,200000s
</usr/local/texlive/2025basic/texmf-dist/fonts/type1/public/amsfonts/cm/cmss1
0.pfb></usr/local/texlive/2025basic/texmf-dist/fonts/type1/public/amsfonts/cm/c
mss12.pfb></usr/local/texlive/2025basic/texmf-dist/fonts/type1/public/amsfonts/
cm/cmss8.pfb></usr/local/texlive/2025basic/texmf-dist/fonts/type1/public/amsfon
ts/cm/cmssbx10.pfb></usr/local/texlive/2025basic/texmf-dist/fonts/type1/public/
amsfonts/cm/cmssi10.pfb>
Output written on oct_7_third_meeting_article_updates_and_design_requirements.p
df (42 pages, 427672 bytes).
PDF statistics:
 1561 PDF objects out of 1728 (max. 8388607)
 1483 compressed objects within 15 object streams
 93 named destinations out of 1000 (max. 500000)
 109 words of extra memory for PDF output out of 10000 (max. 10000000)

